CLOV99.TGA
CLOV98.TGA
CLOV97.TGA
CLOV96.TGA
CLOV95.TGA
CLOV94.TGA
CLOV93.TGA
CLOV92.TGA
CLOV91.TGA
CLOV90.TGA
CLOV89.TGA
CLOV88.TGA
CLOV87.TGA
CLOV86.TGA
CLOV85.TGA
CLOV84.TGA
CLOV83.TGA
CLOV82.TGA
CLOV81.TGA
CLOV80.TGA
CLOV79.TGA
CLOV78.TGA
CLOV77.TGA
CLOV76.TGA
CLOV75.TGA
CLOV74.TGA
CLOV73.TGA
CLOV72.TGA
CLOV71.TGA
CLOV70.TGA
CLOV69.TGA
CLOV68.TGA
CLOV67.TGA
CLOV66.TGA
CLOV65.TGA
CLOV64.TGA
CLOV63.TGA
CLOV62.TGA
CLOV61.TGA
CLOV60.TGA
CLOV59.TGA
CLOV58.TGA
CLOV57.TGA
CLOV56.TGA
CLOV55.TGA
CLOV54.TGA
CLOV53.TGA
CLOV52.TGA
CLOV51.TGA
CLOV50.TGA
CLOV49.TGA
CLOV48.TGA
CLOV47.TGA
CLOV46.TGA
CLOV45.TGA
CLOV44.TGA
CLOV43.TGA
CLOV42.TGA
CLOV41.TGA
CLOV40.TGA
CLOV39.TGA
CLOV38.TGA
CLOV37.TGA
CLOV36.TGA
CLOV35.TGA
CLOV34.TGA
CLOV33.TGA
CLOV32.TGA
CLOV31.TGA
CLOV30.TGA
CLOV29.TGA
CLOV28.TGA
CLOV27.TGA
CLOV26.TGA
CLOV25.TGA
CLOV24.TGA
CLOV23.TGA
CLOV22.TGA
CLOV21.TGA
CLOV20.TGA
CLOV19.TGA
CLOV18.TGA
CLOV17.TGA
CLOV16.TGA
CLOV15.TGA
CLOV14.TGA
CLOV13.TGA
CLOV12.TGA
CLOV11.TGA
CLOV10.TGA
CLOV09.TGA
CLOV08.TGA
CLOV07.TGA
CLOV06.TGA
CLOV05.TGA
CLOV04.TGA
CLOV03.TGA
CLOV02.TGA
CLOV01.TGA
CLOV00.TGA
CLOV00.TGA
CLOV00.TGA
CLOV00.TGA
CLOV00.TGA
CLOV00.TGA
CLOV00.TGA
CLOV00.TGA
CLOV00.TGA
CLOV00.TGA
