Fall001.tga
Fall002.tga
Fall003.tga
Fall004.tga
Fall005.tga
Fall006.tga
Fall007.tga
Fall008.tga
Fall009.tga
Fall010.tga
Fall011.tga
Fall012.tga
Fall013.tga
Fall014.tga
Fall015.tga
Fall016.tga
Fall017.tga
Fall018.tga
Fall019.tga
Fall020.tga
Fall021.tga
Fall022.tga
Fall023.tga
Fall024.tga
Fall025.tga
Fall026.tga
Fall027.tga
Fall028.tga
Fall029.tga
Fall030.tga
Fall031.tga
Fall032.tga
Fall033.tga
Fall034.tga
Fall035.tga
Fall036.tga
Fall037.tga
Fall038.tga
Fall039.tga
Fall040.tga
Fall041.tga
Fall042.tga
Fall043.tga
Fall044.tga
Fall045.tga
Fall046.tga
Fall047.tga
Fall048.tga
Fall049.tga
Fall050.tga
Fall051.tga
Fall052.tga
Fall053.tga
Fall054.tga
Fall055.tga
Fall056.tga
Fall057.tga
Fall058.tga
Fall059.tga
Fall060.tga
Fall061.tga
Fall062.tga
Fall063.tga
Fall064.tga
Fall065.tga
Fall066.tga
Fall067.tga
Fall068.tga
Fall069.tga
Fall070.tga
Fall071.tga
Fall072.tga
Fall073.tga
Fall074.tga
Fall075.tga
Fall076.tga
Fall077.tga
Fall078.tga
Fall079.tga
Fall080.tga
Fall081.tga
Fall082.tga
Fall083.tga
Fall084.tga
Fall085.tga
Fall086.tga
Fall087.tga
Fall088.tga
Fall089.tga
Fall090.tga
Fall091.tga
Fall092.tga
Fall093.tga
Fall094.tga
Fall095.tga
Fall096.tga
Fall097.tga
Fall098.tga
Fall099.tga
Fall100.tga
Fall101.tga
Fall102.tga
Fall103.tga
Fall104.tga
Fall105.tga
Fall106.tga
Fall107.tga
Fall108.tga
Fall109.tga
Fall110.tga
Fall111.tga
Fall112.tga
Fall113.tga
Fall114.tga
Fall115.tga
Fall116.tga
Fall117.tga
Fall118.tga
Fall119.tga
Fall120.tga
Fall121.tga
Fall122.tga
Fall123.tga
Fall124.tga
Fall125.tga
Fall126.tga
Fall127.tga
Fall128.tga
Fall129.tga
Fall130.tga
